// Jest Snapshot v1, https://goo.gl/fbAQLP

exports[`Pruebas en <TodoAdd /> Debe de hacer match con el snapshot 1`] = `
<div>
  <form>
    <input
      autocomplete="off"
      class="form-control"
      name="description"
      placeholder="Que hay que hacer?"
      type="text"
      value=""
    />
    <button
      class="btn btn-primary mt-2"
      type="submit"
    >
      Agregar Tarea
    </button>
  </form>
</div>
`;
